// Jest Snapshot v1, https://goo.gl/fbAQLP

exports[`<Badge /> should render correctly 1`] = `
<div>
  <div
    class="sc-blHHSb jHmzXs"
    role="alert"
  >
    2
  </div>
</div>
`;
