// Jest Snapshot v1, https://goo.gl/fbAQLP

exports[`<Breadcrumb /> should render correctly 1`] = `
<div>
  <nav
    aria-label="breadcrumb"
    class="sc-gtLWhw"
  >
    <ol
      class="sc-egkSDF cdAgkE Breadcrumb__list"
    >
      <li
        class="sc-blHHSb khfedp"
      >
        item 1
      </li>
       
      <span
        aria-hidden="true"
        class="sc-fAUdSK bvBqJh"
      >
        |
      </span>
      <li
        class="sc-blHHSb khfedp"
      >
        item 2
      </li>
       
      <span
        aria-hidden="true"
        class="sc-fAUdSK bvBqJh"
      >
        |
      </span>
      <li
        class="sc-blHHSb khfedp"
      >
        item 3
      </li>
       
      <span
        aria-hidden="true"
        class="sc-fAUdSK bvBqJh"
      >
        |
      </span>
      <li
        class="sc-blHHSb khfedp"
      >
        item 4
      </li>
       
    </ol>
  </nav>
</div>
`;
