// Jest Snapshot v1, https://goo.gl/fbAQLP

exports[`<Button /> should render button correctly 1`] = `
<div>
  <button
    class="sc-blHHSb hAuOKQ"
  >
    <span
      class="sc-gtLWhw euxXeq"
    >
      my button content
    </span>
  </button>
</div>
`;
