// Jest Snapshot v1, https://goo.gl/fbAQLP

exports[`<SearchBar /> should render correctly 1`] = `
<div>
  <div
    class="sc-blHHSb hboDbF"
  >
    <input
      class="SearchBar__input"
      placeholder="Nunca deixe de buscar"
    />
    <button
      aria-label="Pesquisar"
      class="sc-gtLWhw dXamHe"
      type="submit"
    >
      <svg
        class="icon-magnifier"
        fill="none"
        height="18"
        size="18"
        stroke="currentColor"
        stroke-linecap="round"
        stroke-linejoin="round"
        stroke-width="2"
        viewBox="0 0 24 24"
        width="18"
        xmlns="http://www.w3.org/2000/svg"
      >
        <path
          d="M0 0h24v24H0z"
          fill="none"
          stroke="none"
        />
        <path
          d="M10 10m-7 0a7 7 0 1 0 14 0a7 7 0 1 0 -14 0"
        />
        <path
          d="M21 21l-6 -6"
        />
      </svg>
    </button>
  </div>
</div>
`;
