// Jest Snapshot v1, https://goo.gl/fbAQLP

exports[`<Divider /> should render correctly 1`] = `
<div>
  <hr
    class="sc-blHHSb OFIbg"
  />
</div>
`;
